
       summary               unimported v1.31.0 (node)
──────────────────────────────────────────────────────────────────────────────────────────────────────────────
       entry file          : start.js

       unresolved imports  : 0
       unused dependencies : 5
       unimported files    : 1356


─────┬────────────────────────────────────────────────────────────────────────────────────────────────────────
     │ 5 unused dependencies
─────┼────────────────────────────────────────────────────────────────────────────────────────────────────────
   1 │ bull
   2 │ connect-redis
   3 │ framer-motion
   4 │ ioredis
   5 │ styled-components
─────┴────────────────────────────────────────────────────────────────────────────────────────────────────────


──────┬───────────────────────────────────────────────────────────────────────────────────────────────────────
      │ 1356 unimported files
──────┼───────────────────────────────────────────────────────────────────────────────────────────────────────
    1 │ /home/pmdnawaz1/Documents/ruvient/bbofficial/backend/migrations/add_ready_for_submission_state.js
    2 │ /home/pmdnawaz1/Documents/ruvient/bbofficial/backend/migrations/manual/run_eri_attempts_migration.js
    3 │ /home/pmdnawaz1/Documents/ruvient/bbofficial/backend/migrations/manual/run_migration.js
    4 │ /home/pmdnawaz1/Documents/ruvient/bbofficial/backend/migrations/manual/run_snapshots_migration.js
    5 │ /home/pmdnawaz1/Documents/ruvient/bbofficial/backend/scripts/fix_auth_provider.js
    6 │ /home/pmdnawaz1/Documents/ruvient/bbofficial/backend/scripts/generate-secrets.js
    7 │ /home/pmdnawaz1/Documents/ruvient/bbofficial/backend/scripts/manual_eri_verification.js
    8 │ /home/pmdnawaz1/Documents/ruvient/bbofficial/backend/scripts/test_eri_query.js
    9 │ /home/pmdnawaz1/Documents/ruvient/bbofficial/backend/scripts/test_eri_signing.js
   10 │ /home/pmdnawaz1/Documents/ruvient/bbofficial/backend/scripts/test_financial_story_ux.js
   11 │ /home/pmdnawaz1/Documents/ruvient/bbofficial/backend/scripts/test_s22_applicability.js
   12 │ /home/pmdnawaz1/Documents/ruvient/bbofficial/backend/scripts/test_s23_export.js
   13 │ /home/pmdnawaz1/Documents/ruvient/bbofficial/backend/scripts/test_s24_tax_computation.js
   14 │ /home/pmdnawaz1/Documents/ruvient/bbofficial/backend/src/app.js
   15 │ /home/pmdnawaz1/Documents/ruvient/bbofficial/backend/src/common/featureFlags.js
   16 │ /home/pmdnawaz1/Documents/ruvient/bbofficial/backend/src/config/database.js
   17 │ /home/pmdnawaz1/Documents/ruvient/bbofficial/backend/src/config/passport.js
   18 │ /home/pmdnawaz1/Documents/ruvient/bbofficial/backend/src/constants/assessmentYears.js
   19 │ /home/pmdnawaz1/Documents/ruvient/bbofficial/backend/src/constants/ErrorCodes.js
   20 │ /home/pmdnawaz1/Documents/ruvient/bbofficial/backend/src/controllers/AnalyticsController.js
   21 │ /home/pmdnawaz1/Documents/ruvient/bbofficial/backend/src/controllers/dashboardController.js
   22 │ /home/pmdnawaz1/Documents/ruvient/bbofficial/backend/src/controllers/deductionController.js
   23 │ /home/pmdnawaz1/Documents/ruvient/bbofficial/backend/src/controllers/documentController.js
   24 │ /home/pmdnawaz1/Documents/ruvient/bbofficial/backend/src/controllers/filingController.js
   25 │ /home/pmdnawaz1/Documents/ruvient/bbofficial/backend/src/controllers/incomeController.js
   26 │ /home/pmdnawaz1/Documents/ruvient/bbofficial/backend/src/controllers/itrDeterminationController.js
   27 │ /home/pmdnawaz1/Documents/ruvient/bbofficial/backend/src/controllers/MemberController.js
   28 │ /home/pmdnawaz1/Documents/ruvient/bbofficial/backend/src/controllers/notificationController.js
   29 │ /home/pmdnawaz1/Documents/ruvient/bbofficial/backend/src/controllers/taxController.js
   30 │ /home/pmdnawaz1/Documents/ruvient/bbofficial/backend/src/controllers/taxTaskController.js
   31 │ /home/pmdnawaz1/Documents/ruvient/bbofficial/backend/src/domain/FinanceDomain.js
   32 │ /home/pmdnawaz1/Documents/ruvient/bbofficial/backend/src/domain/ITR_FACT_CONTRACT.js
   33 │ /home/pmdnawaz1/Documents/ruvient/bbofficial/backend/src/domain/ITRDomainCore.js
   34 │ /home/pmdnawaz1/Documents/ruvient/bbofficial/backend/src/domain/states.js
   35 │ /home/pmdnawaz1/Documents/ruvient/bbofficial/backend/src/domain/SubmissionStateMachine.js
   36 │ /home/pmdnawaz1/Documents/ruvient/bbofficial/backend/src/domain/SubmissionStates.js
   37 │ /home/pmdnawaz1/Documents/ruvient/bbofficial/backend/src/domain/TAX_FACT_CONTRACT.js
   38 │ /home/pmdnawaz1/Documents/ruvient/bbofficial/backend/src/events/DomainEventEmitter.js
   39 │ /home/pmdnawaz1/Documents/ruvient/bbofficial/backend/src/events/financeEventHandlers.js
   40 │ /home/pmdnawaz1/Documents/ruvient/bbofficial/backend/src/gateways/ERIGatewayAdapter.js
   41 │ /home/pmdnawaz1/Documents/ruvient/bbofficial/backend/src/intelligence/CAAssistEngine.js
   42 │ /home/pmdnawaz1/Documents/ruvient/bbofficial/backend/src/intelligence/ConfidenceEngine.js
   43 │ /home/pmdnawaz1/Documents/ruvient/bbofficial/backend/src/intelligence/explanations/plainEnglish.js
   44 │ /home/pmdnawaz1/Documents/ruvient/bbofficial/backend/src/intelligence/IntelligenceEngine.js
   45 │ /home/pmdnawaz1/Documents/ruvient/bbofficial/backend/src/intelligence/signals/capitalGainsSignals.js
   46 │ /home/pmdnawaz1/Documents/ruvient/bbofficial/backend/src/intelligence/signals/deductionSignals.js
   47 │ /home/pmdnawaz1/Documents/ruvient/bbofficial/backend/src/intelligence/signals/incomeSignals.js
   48 │ /home/pmdnawaz1/Documents/ruvient/bbofficial/backend/src/intelligence/signals/regimeSignals.js
   49 │ /home/pmdnawaz1/Documents/ruvient/bbofficial/backend/src/intelligence/signals/riskSignals.js
   50 │ /home/pmdnawaz1/Documents/ruvient/bbofficial/backend/src/middleware/accessControl.js
   51 │ /home/pmdnawaz1/Documents/ruvient/bbofficial/backend/src/middleware/auditLogger.js
   52 │ /home/pmdnawaz1/Documents/ruvient/bbofficial/backend/src/middleware/auth.js
   53 │ /home/pmdnawaz1/Documents/ruvient/bbofficial/backend/src/middleware/cookieAuth.js
   54 │ /home/pmdnawaz1/Documents/ruvient/bbofficial/backend/src/middleware/dataIsolation.js
   55 │ /home/pmdnawaz1/Documents/ruvient/bbofficial/backend/src/middleware/domainGuard.js
   56 │ /home/pmdnawaz1/Documents/ruvient/bbofficial/backend/src/middleware/errorHandler.js
   57 │ /home/pmdnawaz1/Documents/ruvient/bbofficial/backend/src/middleware/progressiveRateLimit.js
   58 │ /home/pmdnawaz1/Documents/ruvient/bbofficial/backend/src/middleware/rbac.js
   59 │ /home/pmdnawaz1/Documents/ruvient/bbofficial/backend/src/middleware/redisRateLimitStore.js
   60 │ /home/pmdnawaz1/Documents/ruvient/bbofficial/backend/src/middleware/requestLogger.js
   61 │ /home/pmdnawaz1/Documents/ruvient/bbofficial/backend/src/middleware/validateRequest.js
   62 │ /home/pmdnawaz1/Documents/ruvient/bbofficial/backend/src/middleware/validationSchemas.js
   63 │ /home/pmdnawaz1/Documents/ruvient/bbofficial/backend/src/migrations/20260111_create_financial_analytics_tables.js
   64 │ /home/pmdnawaz1/Documents/ruvient/bbofficial/backend/src/migrations/20260112_align_lifecycle_states.js
   65 │ /home/pmdnawaz1/Documents/ruvient/bbofficial/backend/src/migrations/20260113-add-verified-pans.js
   66 │ /home/pmdnawaz1/Documents/ruvient/bbofficial/backend/src/migrations/20260115-create-financial-data-capture.js
   67 │ /home/pmdnawaz1/Documents/ruvient/bbofficial/backend/src/migrations/add-income-deductions-tables.js
   68 │ /home/pmdnawaz1/Documents/ruvient/bbofficial/backend/src/migrations/add-itr-determination-fields.js
   69 │ /home/pmdnawaz1/Documents/ruvient/bbofficial/backend/src/migrations/add-progress-columns.js
   70 │ /home/pmdnawaz1/Documents/ruvient/bbofficial/backend/src/migrations/add-tax-calculations-table.js
   71 │ /home/pmdnawaz1/Documents/ruvient/bbofficial/backend/src/models/AccountLinkingToken.js
   72 │ /home/pmdnawaz1/Documents/ruvient/bbofficial/backend/src/models/AdminAction.js
   73 │ /home/pmdnawaz1/Documents/ruvient/bbofficial/backend/src/models/AssessmentNotice.js
   74 │ /home/pmdnawaz1/Documents/ruvient/bbofficial/backend/src/models/Assignment.js
   75 │ /home/pmdnawaz1/Documents/ruvient/bbofficial/backend/src/models/associations.js
   76 │ /home/pmdnawaz1/Documents/ruvient/bbofficial/backend/src/models/AuditEvent.js
   77 │ /home/pmdnawaz1/Documents/ruvient/bbofficial/backend/src/models/BankAccount.js
   78 │ /home/pmdnawaz1/Documents/ruvient/bbofficial/backend/src/models/CABooking.js
   79 │ /home/pmdnawaz1/Documents/ruvient/bbofficial/backend/src/models/CAFirm.js
   80 │ /home/pmdnawaz1/Documents/ruvient/bbofficial/backend/src/models/CAFirmReview.js
   81 │ /home/pmdnawaz1/Documents/ruvient/bbofficial/backend/src/models/CAMarketplaceInquiry.js
   82 │ /home/pmdnawaz1/Documents/ruvient/bbofficial/backend/src/models/Consent.js
   83 │ /home/pmdnawaz1/Documents/ruvient/bbofficial/backend/src/models/Coupon.js
   84 │ /home/pmdnawaz1/Documents/ruvient/bbofficial/backend/src/models/DataSource.js
   85 │ /home/pmdnawaz1/Documents/ruvient/bbofficial/backend/src/models/Deduction.js
   86 │ /home/pmdnawaz1/Documents/ruvient/bbofficial/backend/src/models/DiscrepancyResolution.js
   87 │ /home/pmdnawaz1/Documents/ruvient/bbofficial/backend/src/models/Document.js
   88 │ /home/pmdnawaz1/Documents/ruvient/bbofficial/backend/src/models/DocumentMetadata.js
   89 │ /home/pmdnawaz1/Documents/ruvient/bbofficial/backend/src/models/DocumentTemplate.js
   90 │ /home/pmdnawaz1/Documents/ruvient/bbofficial/backend/src/models/DocumentVersion.js
   91 │ /home/pmdnawaz1/Documents/ruvient/bbofficial/backend/src/models/ERISubmissionAttempt.js
   92 │ /home/pmdnawaz1/Documents/ruvient/bbofficial/backend/src/models/FilingAttachment.js
   93 │ /home/pmdnawaz1/Documents/ruvient/bbofficial/backend/src/models/FilingComment.js
   94 │ /home/pmdnawaz1/Documents/ruvient/bbofficial/backend/src/models/FilingHistory.js
   95 │ /home/pmdnawaz1/Documents/ruvient/bbofficial/backend/src/models/FilingReview.js
   96 │ /home/pmdnawaz1/Documents/ruvient/bbofficial/backend/src/models/FilingSnapshot.js
   97 │ /home/pmdnawaz1/Documents/ruvient/bbofficial/backend/src/models/FinancialEvent.js
   98 │ /home/pmdnawaz1/Documents/ruvient/bbofficial/backend/src/models/FinancialMilestone.js
   99 │ /home/pmdnawaz1/Documents/ruvient/bbofficial/backend/src/models/FinancialSnapshot.js
  100 │ /home/pmdnawaz1/Documents/ruvient/bbofficial/backend/src/models/ForeignAsset.js
  101 │ /home/pmdnawaz1/Documents/ruvient/bbofficial/backend/src/models/GSTINLookup.js
  102 │ /home/pmdnawaz1/Documents/ruvient/bbofficial/backend/src/models/HelpArticle.js
  103 │ /home/pmdnawaz1/Documents/ruvient/bbofficial/backend/src/models/IncomeSource.js
  104 │ /home/pmdnawaz1/Documents/ruvient/bbofficial/backend/src/models/index.js
  105 │ /home/pmdnawaz1/Documents/ruvient/bbofficial/backend/src/models/Investment.js
  106 │ /home/pmdnawaz1/Documents/ruvient/bbofficial/backend/src/models/Invite.js
  107 │ /home/pmdnawaz1/Documents/ruvient/bbofficial/backend/src/models/Invoice.js
  108 │ /home/pmdnawaz1/Documents/ruvient/bbofficial/backend/src/models/ITRDetermination.js
  109 │ /home/pmdnawaz1/Documents/ruvient/bbofficial/backend/src/models/ITRDraft.js
  110 │ /home/pmdnawaz1/Documents/ruvient/bbofficial/backend/src/models/ITRFiling.js
  111 │ /home/pmdnawaz1/Documents/ruvient/bbofficial/backend/src/models/ITRVProcessing.js
  112 │ /home/pmdnawaz1/Documents/ruvient/bbofficial/backend/src/models/Member.js
  113 │ /home/pmdnawaz1/Documents/ruvient/bbofficial/backend/src/models/Notification.js
  114 │ /home/pmdnawaz1/Documents/ruvient/bbofficial/backend/src/models/PasswordResetToken.js
  115 │ /home/pmdnawaz1/Documents/ruvient/bbofficial/backend/src/models/Payment.js
  116 │ /home/pmdnawaz1/Documents/ruvient/bbofficial/backend/src/models/PlatformSettings.js
  117 │ /home/pmdnawaz1/Documents/ruvient/bbofficial/backend/src/models/PricingPlan.js
  118 │ /home/pmdnawaz1/Documents/ruvient/bbofficial/backend/src/models/RefundTracking.js
  119 │ /home/pmdnawaz1/Documents/ruvient/bbofficial/backend/src/models/ReturnVersion.js
  120 │ /home/pmdnawaz1/Documents/ruvient/bbofficial/backend/src/models/Scenario.js
  121 │ /home/pmdnawaz1/Documents/ruvient/bbofficial/backend/src/models/ServiceTicket.js
  122 │ /home/pmdnawaz1/Documents/ruvient/bbofficial/backend/src/models/ServiceTicketMessage.js
  123 │ /home/pmdnawaz1/Documents/ruvient/bbofficial/backend/src/models/SystemEvent.js
  124 │ /home/pmdnawaz1/Documents/ruvient/bbofficial/backend/src/models/TaxChallan.js
  125 │ /home/pmdnawaz1/Documents/ruvient/bbofficial/backend/src/models/TaxComputation.js
  126 │ /home/pmdnawaz1/Documents/ruvient/bbofficial/backend/src/models/TaxDemand.js
  127 │ /home/pmdnawaz1/Documents/ruvient/bbofficial/backend/src/models/TaxPayment.js
  128 │ /home/pmdnawaz1/Documents/ruvient/bbofficial/backend/src/models/TaxRefund.js
  129 │ /home/pmdnawaz1/Documents/ruvient/bbofficial/backend/src/models/Transaction.js
  130 │ /home/pmdnawaz1/Documents/ruvient/bbofficial/backend/src/models/User.js
  131 │ /home/pmdnawaz1/Documents/ruvient/bbofficial/backend/src/models/UserInsight.js
  132 │ /home/pmdnawaz1/Documents/ruvient/bbofficial/backend/src/models/UserPreference.js
  133 │ /home/pmdnawaz1/Documents/ruvient/bbofficial/backend/src/models/UserProfile.js
  134 │ /home/pmdnawaz1/Documents/ruvient/bbofficial/backend/src/models/UserSegment.js
  135 │ /home/pmdnawaz1/Documents/ruvient/bbofficial/backend/src/models/UserSession.js
  136 │ /home/pmdnawaz1/Documents/ruvient/bbofficial/backend/src/presenters/ErrorPresenter.js
  137 │ /home/pmdnawaz1/Documents/ruvient/bbofficial/backend/src/presenters/member.presenter.js
  138 │ /home/pmdnawaz1/Documents/ruvient/bbofficial/backend/src/routes/analytics.js
  139 │ /home/pmdnawaz1/Documents/ruvient/bbofficial/backend/src/routes/api.js
  140 │ /home/pmdnawaz1/Documents/ruvient/bbofficial/backend/src/routes/auth.js
  141 │ /home/pmdnawaz1/Documents/ruvient/bbofficial/backend/src/routes/authProfile.js
  142 │ /home/pmdnawaz1/Documents/ruvient/bbofficial/backend/src/routes/ca.js
  143 │ /home/pmdnawaz1/Documents/ruvient/bbofficial/backend/src/routes/capitalGains.js
  144 │ /home/pmdnawaz1/Documents/ruvient/bbofficial/backend/src/routes/dashboard.js
  145 │ /home/pmdnawaz1/Documents/ruvient/bbofficial/backend/src/routes/deductions.js
  146 │ /home/pmdnawaz1/Documents/ruvient/bbofficial/backend/src/routes/documentRoutes.js
  147 │ /home/pmdnawaz1/Documents/ruvient/bbofficial/backend/src/routes/documents.js
  148 │ /home/pmdnawaz1/Documents/ruvient/bbofficial/backend/src/routes/employers.js
  149 │ /home/pmdnawaz1/Documents/ruvient/bbofficial/backend/src/routes/filing.js
  150 │ /home/pmdnawaz1/Documents/ruvient/bbofficial/backend/src/routes/filings_submission_status.js
  151 │ /home/pmdnawaz1/Documents/ruvient/bbofficial/backend/src/routes/filings.js
  152 │ /home/pmdnawaz1/Documents/ruvient/bbofficial/backend/src/routes/filingSafety.js
  153 │ /home/pmdnawaz1/Documents/ruvient/bbofficial/backend/src/routes/gstin.js
  154 │ /home/pmdnawaz1/Documents/ruvient/bbofficial/backend/src/routes/health.js
  155 │ /home/pmdnawaz1/Documents/ruvient/bbofficial/backend/src/routes/income.js
  156 │ /home/pmdnawaz1/Documents/ruvient/bbofficial/backend/src/routes/itr.js
  157 │ /home/pmdnawaz1/Documents/ruvient/bbofficial/backend/src/routes/itrDetermination.js
  158 │ /home/pmdnawaz1/Documents/ruvient/bbofficial/backend/src/routes/members.js
  159 │ /home/pmdnawaz1/Documents/ruvient/bbofficial/backend/src/routes/notification.js
  160 │ /home/pmdnawaz1/Documents/ruvient/bbofficial/backend/src/routes/panRoutes.js
  161 │ /home/pmdnawaz1/Documents/ruvient/bbofficial/backend/src/routes/public.js
  162 │ /home/pmdnawaz1/Documents/ruvient/bbofficial/backend/src/routes/regimeComparison.js
  163 │ /home/pmdnawaz1/Documents/ruvient/bbofficial/backend/src/routes/tax.js
  164 │ /home/pmdnawaz1/Documents/ruvient/bbofficial/backend/src/scripts/addGSTINAdminRole.js
  165 │ /home/pmdnawaz1/Documents/ruvient/bbofficial/backend/src/scripts/create-help-articles-table.js
  166 │ /home/pmdnawaz1/Documents/ruvient/bbofficial/backend/src/scripts/createGSTINAdmin.js
  167 │ /home/pmdnawaz1/Documents/ruvient/bbofficial/backend/src/scripts/createGSTINLookupsTable.js
  168 │ /home/pmdnawaz1/Documents/ruvient/bbofficial/backend/src/scripts/createSuperAdmin.js
  169 │ /home/pmdnawaz1/Documents/ruvient/bbofficial/backend/src/scripts/migrate.js
  170 │ /home/pmdnawaz1/Documents/ruvient/bbofficial/backend/src/scripts/migrateRobust.js
  171 │ /home/pmdnawaz1/Documents/ruvient/bbofficial/backend/src/scripts/migrations/add-aadhaar-fields.js
  172 │ /home/pmdnawaz1/Documents/ruvient/bbofficial/backend/src/scripts/migrations/add-computation-traceability.js
  173 │ /home/pmdnawaz1/Documents/ruvient/bbofficial/backend/src/scripts/migrations/add-dob-verification-fields.js
  174 │ /home/pmdnawaz1/Documents/ruvient/bbofficial/backend/src/scripts/migrations/add-email-verification-fields.js
  175 │ /home/pmdnawaz1/Documents/ruvient/bbofficial/backend/src/scripts/migrations/add-gender-to-users.js
  176 │ /home/pmdnawaz1/Documents/ruvient/bbofficial/backend/src/scripts/migrations/add-immutability-metadata.js
  177 │ /home/pmdnawaz1/Documents/ruvient/bbofficial/backend/src/scripts/migrations/add-itr-filings-idempotency-key.js
  178 │ /home/pmdnawaz1/Documents/ruvient/bbofficial/backend/src/scripts/migrations/add-lifecycle-state-enum.js
  179 │ /home/pmdnawaz1/Documents/ruvient/bbofficial/backend/src/scripts/migrations/add-performance-indexes.js
  180 │ /home/pmdnawaz1/Documents/ruvient/bbofficial/backend/src/scripts/migrations/add-scalability-indexes.js
  181 │ /home/pmdnawaz1/Documents/ruvient/bbofficial/backend/src/scripts/migrations/create-analytics-tables.js
  182 │ /home/pmdnawaz1/Documents/ruvient/bbofficial/backend/src/scripts/migrations/create-assessment-notices-table.js
  183 │ /home/pmdnawaz1/Documents/ruvient/bbofficial/backend/src/scripts/migrations/create-document-templates-table.js
  184 │ /home/pmdnawaz1/Documents/ruvient/bbofficial/backend/src/scripts/migrations/create-help-articles-table.js
  185 │ /home/pmdnawaz1/Documents/ruvient/bbofficial/backend/src/scripts/migrations/create-itr-tables.js
  186 │ /home/pmdnawaz1/Documents/ruvient/bbofficial/backend/src/scripts/migrations/create-itrv-processing-table.js
  187 │ /home/pmdnawaz1/Documents/ruvient/bbofficial/backend/src/scripts/migrations/create-platform-settings-table.js
  188 │ /home/pmdnawaz1/Documents/ruvient/bbofficial/backend/src/scripts/migrations/create-report-templates-table.js
  189 │ /home/pmdnawaz1/Documents/ruvient/bbofficial/backend/src/scripts/migrations/create-scenarios-table.js
  190 │ /home/pmdnawaz1/Documents/ruvient/bbofficial/backend/src/scripts/migrations/create-service-ticket-number-sequence.js
  191 │ /home/pmdnawaz1/Documents/ruvient/bbofficial/backend/src/scripts/migrations/create-system-settings-table.js
  192 │ /home/pmdnawaz1/Documents/ruvient/bbofficial/backend/src/scripts/migrations/create-tax-demands-table.js
  193 │ /home/pmdnawaz1/Documents/ruvient/bbofficial/backend/src/scripts/migrations/fix-itr-defaults.js
  194 │ /home/pmdnawaz1/Documents/ruvient/bbofficial/backend/src/scripts/migrations/optimize-database-indexes.js
  195 │ /home/pmdnawaz1/Documents/ruvient/bbofficial/backend/src/scripts/migrations/support-itr-type-freezing.js
  196 │ /home/pmdnawaz1/Documents/ruvient/bbofficial/backend/src/scripts/migrations/verify-referential-integrity.js
  197 │ /home/pmdnawaz1/Documents/ruvient/bbofficial/backend/src/scripts/reset.js
  198 │ /home/pmdnawaz1/Documents/ruvient/bbofficial/backend/src/scripts/resetAdminPassword.js
  199 │ /home/pmdnawaz1/Documents/ruvient/bbofficial/backend/src/scripts/run-add-financial-year-to-documents.js
  200 │ /home/pmdnawaz1/Documents/ruvient/bbofficial/backend/src/scripts/run-add-financial-year-to-itr-filings.js
  201 │ /home/pmdnawaz1/Documents/ruvient/bbofficial/backend/src/scripts/run-tax-tasks-migration.js
  202 │ /home/pmdnawaz1/Documents/ruvient/bbofficial/backend/src/scripts/runPendingMigrations.js
  203 │ /home/pmdnawaz1/Documents/ruvient/bbofficial/backend/src/scripts/seed-help-articles.js
  204 │ /home/pmdnawaz1/Documents/ruvient/bbofficial/backend/src/scripts/seed.js
  205 │ /home/pmdnawaz1/Documents/ruvient/bbofficial/backend/src/scripts/verifyAndSyncSchema.js
  206 │ /home/pmdnawaz1/Documents/ruvient/bbofficial/backend/src/scripts/verifyDatabase.js
  207 │ /home/pmdnawaz1/Documents/ruvient/bbofficial/backend/src/scripts/verifySchemaCompleteness.js
  208 │ /home/pmdnawaz1/Documents/ruvient/bbofficial/backend/src/server.js
  209 │ /home/pmdnawaz1/Documents/ruvient/bbofficial/backend/src/services/access/ConsentService.js
  210 │ /home/pmdnawaz1/Documents/ruvient/bbofficial/backend/src/services/admin/GSTINService.js
  211 │ /home/pmdnawaz1/Documents/ruvient/bbofficial/backend/src/services/analytics/FinancialStoryService.js
  212 │ /home/pmdnawaz1/Documents/ruvient/bbofficial/backend/src/services/analytics/InsightsEngine.js
  213 │ /home/pmdnawaz1/Documents/ruvient/bbofficial/backend/src/services/analytics/TimelineService.js
  214 │ /home/pmdnawaz1/Documents/ruvient/bbofficial/backend/src/services/ca/CAApprovalService.js
  215 │ /home/pmdnawaz1/Documents/ruvient/bbofficial/backend/src/services/ca/CAFilingService.js
  216 │ /home/pmdnawaz1/Documents/ruvient/bbofficial/backend/src/services/ca/CAInboxService.js
  217 │ /home/pmdnawaz1/Documents/ruvient/bbofficial/backend/src/services/ca/CARequestInfoService.js
  218 │ /home/pmdnawaz1/Documents/ruvient/bbofficial/backend/src/services/ca/FilingReviewService.js
  219 │ /home/pmdnawaz1/Documents/ruvient/bbofficial/backend/src/services/ca/FirmUserService.js
  220 │ /home/pmdnawaz1/Documents/ruvient/bbofficial/backend/src/services/ca/IntelligenceGateService.js
  221 │ /home/pmdnawaz1/Documents/ruvient/bbofficial/backend/src/services/common/AadhaarVerificationService.js
  222 │ /home/pmdnawaz1/Documents/ruvient/bbofficial/backend/src/services/common/ClientProfileService.js
  223 │ /home/pmdnawaz1/Documents/ruvient/bbofficial/backend/src/services/common/DeadlineService.js
  224 │ /home/pmdnawaz1/Documents/ruvient/bbofficial/backend/src/services/common/FirmDashboardService.js
  225 │ /home/pmdnawaz1/Documents/ruvient/bbofficial/backend/src/services/common/InvoiceService.js
  226 │ /home/pmdnawaz1/Documents/ruvient/bbofficial/backend/src/services/common/KnowledgeBaseService.js
  227 │ /home/pmdnawaz1/Documents/ruvient/bbofficial/backend/src/services/common/MFAService.js
  228 │ /home/pmdnawaz1/Documents/ruvient/bbofficial/backend/src/services/common/PANVerificationService.js
  229 │ /home/pmdnawaz1/Documents/ruvient/bbofficial/backend/src/services/common/VersionService.js
  230 │ /home/pmdnawaz1/Documents/ruvient/bbofficial/backend/src/services/common/YearService.js
  231 │ /home/pmdnawaz1/Documents/ruvient/bbofficial/backend/src/services/core/AdminRescueService.js
  232 │ /home/pmdnawaz1/Documents/ruvient/bbofficial/backend/src/services/core/AuditService.js
  233 │ /home/pmdnawaz1/Documents/ruvient/bbofficial/backend/src/services/core/CacheService.js
  234 │ /home/pmdnawaz1/Documents/ruvient/bbofficial/backend/src/services/core/DocumentService.js
  235 │ /home/pmdnawaz1/Documents/ruvient/bbofficial/backend/src/services/core/FilingService.js
  236 │ /home/pmdnawaz1/Documents/ruvient/bbofficial/backend/src/services/core/index.js
  237 │ /home/pmdnawaz1/Documents/ruvient/bbofficial/backend/src/services/core/JobQueue.js
  238 │ /home/pmdnawaz1/Documents/ruvient/bbofficial/backend/src/services/core/PDFGenerationService.js
  239 │ /home/pmdnawaz1/Documents/ruvient/bbofficial/backend/src/services/core/PDFTemplateEngine.js
  240 │ /home/pmdnawaz1/Documents/ruvient/bbofficial/backend/src/services/core/RedisService.js
  241 │ /home/pmdnawaz1/Documents/ruvient/bbofficial/backend/src/services/core/TaxCalculatorService.js
  242 │ /home/pmdnawaz1/Documents/ruvient/bbofficial/backend/src/services/dashboardService.js
  243 │ /home/pmdnawaz1/Documents/ruvient/bbofficial/backend/src/services/deductionService.js
  244 │ /home/pmdnawaz1/Documents/ruvient/bbofficial/backend/src/services/documentService.js
  245 │ /home/pmdnawaz1/Documents/ruvient/bbofficial/backend/src/services/eri/ERIGatewayService.js
  246 │ /home/pmdnawaz1/Documents/ruvient/bbofficial/backend/src/services/eri/ERIIntegrationService.js
  247 │ /home/pmdnawaz1/Documents/ruvient/bbofficial/backend/src/services/eri/eriSigningService.js
  248 │ /home/pmdnawaz1/Documents/ruvient/bbofficial/backend/src/services/eri/ERISubmissionService.js
  249 │ /home/pmdnawaz1/Documents/ruvient/bbofficial/backend/src/services/eri/EVerificationService.js
  250 │ /home/pmdnawaz1/Documents/ruvient/bbofficial/backend/src/services/ERIOutcomeService.js
  251 │ /home/pmdnawaz1/Documents/ruvient/bbofficial/backend/src/services/FilingExportService.js
  252 │ /home/pmdnawaz1/Documents/ruvient/bbofficial/backend/src/services/financial/TransactionService.js
  253 │ /home/pmdnawaz1/Documents/ruvient/bbofficial/backend/src/services/FinancialStoryService.js
  254 │ /home/pmdnawaz1/Documents/ruvient/bbofficial/backend/src/services/incomeService.js
  255 │ /home/pmdnawaz1/Documents/ruvient/bbofficial/backend/src/services/index.js
  256 │ /home/pmdnawaz1/Documents/ruvient/bbofficial/backend/src/services/integration/AIService.js
  257 │ /home/pmdnawaz1/Documents/ruvient/bbofficial/backend/src/services/integration/AISService.js
  258 │ /home/pmdnawaz1/Documents/ruvient/bbofficial/backend/src/services/integration/EmailService.js
  259 │ /home/pmdnawaz1/Documents/ruvient/bbofficial/backend/src/services/integration/Form26ASService.js
  260 │ /home/pmdnawaz1/Documents/ruvient/bbofficial/backend/src/services/integration/index.js
  261 │ /home/pmdnawaz1/Documents/ruvient/bbofficial/backend/src/services/integration/ITDPaymentGatewayService.js
  262 │ /home/pmdnawaz1/Documents/ruvient/bbofficial/backend/src/services/integration/NotificationService.js
  263 │ /home/pmdnawaz1/Documents/ruvient/bbofficial/backend/src/services/integration/S3Service.js
  264 │ /home/pmdnawaz1/Documents/ruvient/bbofficial/backend/src/services/integration/SMSService.js
  265 │ /home/pmdnawaz1/Documents/ruvient/bbofficial/backend/src/services/integration/WhatsAppService.js
  266 │ /home/pmdnawaz1/Documents/ruvient/bbofficial/backend/src/services/itr/AIRecommendationService.js
  267 │ /home/pmdnawaz1/Documents/ruvient/bbofficial/backend/src/services/itr/AuditInformationService.js
  268 │ /home/pmdnawaz1/Documents/ruvient/bbofficial/backend/src/services/itr/BalanceSheetService.js
  269 │ /home/pmdnawaz1/Documents/ruvient/bbofficial/backend/src/services/itr/BusinessIncomeCalculator.js
  270 │ /home/pmdnawaz1/Documents/ruvient/bbofficial/backend/src/services/itr/CapitalGainsIntentService.js
  271 │ /home/pmdnawaz1/Documents/ruvient/bbofficial/backend/src/services/itr/CapitalGainsSummaryService.js
  272 │ /home/pmdnawaz1/Documents/ruvient/bbofficial/backend/src/services/itr/CAReviewQueueService.js
  273 │ /home/pmdnawaz1/Documents/ruvient/bbofficial/backend/src/services/itr/CompletionChecklistService.js
  274 │ /home/pmdnawaz1/Documents/ruvient/bbofficial/backend/src/services/itr/DataMatchingService.js
  275 │ /home/pmdnawaz1/Documents/ruvient/bbofficial/backend/src/services/itr/EmployerManagementService.js
  276 │ /home/pmdnawaz1/Documents/ruvient/bbofficial/backend/src/services/itr/ExpertReviewService.js
  277 │ /home/pmdnawaz1/Documents/ruvient/bbofficial/backend/src/services/itr/FilingFreezeService.js
  278 │ /home/pmdnawaz1/Documents/ruvient/bbofficial/backend/src/services/itr/FilingSafetyService.js
  279 │ /home/pmdnawaz1/Documents/ruvient/bbofficial/backend/src/services/itr/FilingSnapshotService.js
  280 │ /home/pmdnawaz1/Documents/ruvient/bbofficial/backend/src/services/itr/ForeignAssetsService.js
  281 │ /home/pmdnawaz1/Documents/ruvient/bbofficial/backend/src/services/itr/index.js
  282 │ /home/pmdnawaz1/Documents/ruvient/bbofficial/backend/src/services/itr/InvestmentPlanningService.js
  283 │ /home/pmdnawaz1/Documents/ruvient/bbofficial/backend/src/services/itr/ITR1JsonBuilder.js
  284 │ /home/pmdnawaz1/Documents/ruvient/bbofficial/backend/src/services/itr/ITR2JsonBuilder.js
  285 │ /home/pmdnawaz1/Documents/ruvient/bbofficial/backend/src/services/itr/ITR2ScheduleBuilders.js
  286 │ /home/pmdnawaz1/Documents/ruvient/bbofficial/backend/src/services/itr/ITR3JsonBuilder.js
  287 │ /home/pmdnawaz1/Documents/ruvient/bbofficial/backend/src/services/itr/ITR3ScheduleBuilders.js
  288 │ /home/pmdnawaz1/Documents/ruvient/bbofficial/backend/src/services/itr/ITR4JsonBuilder.js
  289 │ /home/pmdnawaz1/Documents/ruvient/bbofficial/backend/src/services/itr/ITR4ScheduleBuilders.js
  290 │ /home/pmdnawaz1/Documents/ruvient/bbofficial/backend/src/services/itr/ITRComputationService.js
  291 │ /home/pmdnawaz1/Documents/ruvient/bbofficial/backend/src/services/itr/ITRDataPrefetchService.js
  292 │ /home/pmdnawaz1/Documents/ruvient/bbofficial/backend/src/services/itr/ITRDraftService.js
  293 │ /home/pmdnawaz1/Documents/ruvient/bbofficial/backend/src/services/itr/ITRExportService.js
  294 │ /home/pmdnawaz1/Documents/ruvient/bbofficial/backend/src/services/itr/ITRJsonBuilders.js
  295 │ /home/pmdnawaz1/Documents/ruvient/bbofficial/backend/src/services/itr/PaymentGateService.js
  296 │ /home/pmdnawaz1/Documents/ruvient/bbofficial/backend/src/services/itr/PreviousYearCopyService.js
  297 │ /home/pmdnawaz1/Documents/ruvient/bbofficial/backend/src/services/itr/ProfessionalIncomeCalculator.js
  298 │ /home/pmdnawaz1/Documents/ruvient/bbofficial/backend/src/services/itr/PropertyDocumentOCRService.js
  299 │ /home/pmdnawaz1/Documents/ruvient/bbofficial/backend/src/services/itr/RefundTrackingService.js
  300 │ /home/pmdnawaz1/Documents/ruvient/bbofficial/backend/src/services/itr/RegimeExplanationService.js
  301 │ /home/pmdnawaz1/Documents/ruvient/bbofficial/backend/src/services/itr/RentReceiptOCRService.js
  302 │ /home/pmdnawaz1/Documents/ruvient/bbofficial/backend/src/services/itr/ReportBuilderService.js
  303 │ /home/pmdnawaz1/Documents/ruvient/bbofficial/backend/src/services/itr/ReviewRequirementService.js
  304 │ /home/pmdnawaz1/Documents/ruvient/bbofficial/backend/src/services/itr/SalaryAggregationService.js
  305 │ /home/pmdnawaz1/Documents/ruvient/bbofficial/backend/src/services/itr/Section89ReliefService.js
  306 │ /home/pmdnawaz1/Documents/ruvient/bbofficial/backend/src/services/itr/SourceTaggingService.js
  307 │ /home/pmdnawaz1/Documents/ruvient/bbofficial/backend/src/services/itr/TaxFormOCRService.js
  308 │ /home/pmdnawaz1/Documents/ruvient/bbofficial/backend/src/services/itr/TaxPaymentService.js
  309 │ /home/pmdnawaz1/Documents/ruvient/bbofficial/backend/src/services/itr/TaxRegimeCalculatorV2.js
  310 │ /home/pmdnawaz1/Documents/ruvient/bbofficial/backend/src/services/itr/TaxSimulationService.js
  311 │ /home/pmdnawaz1/Documents/ruvient/bbofficial/backend/src/services/ITRApplicabilityService.js
  312 │ /home/pmdnawaz1/Documents/ruvient/bbofficial/backend/src/services/itrDeterminationService.js
  313 │ /home/pmdnawaz1/Documents/ruvient/bbofficial/backend/src/services/PANVerificationService.js
  314 │ /home/pmdnawaz1/Documents/ruvient/bbofficial/backend/src/services/submission/RecoveryStrategyFactory.js
  315 │ /home/pmdnawaz1/Documents/ruvient/bbofficial/backend/src/services/submission/SubmissionRecoveryService.js
  316 │ /home/pmdnawaz1/Documents/ruvient/bbofficial/backend/src/services/tax/TaxComputationEngine.js
  317 │ /home/pmdnawaz1/Documents/ruvient/bbofficial/backend/src/services/tax/TaxRegimeAssembly.js
  318 │ /home/pmdnawaz1/Documents/ruvient/bbofficial/backend/src/services/taxCalculationService.js
  319 │ /home/pmdnawaz1/Documents/ruvient/bbofficial/backend/src/services/taxTaskService.js
  320 │ /home/pmdnawaz1/Documents/ruvient/bbofficial/backend/src/services/utils/DeviceDetectionService.js
  321 │ /home/pmdnawaz1/Documents/ruvient/bbofficial/backend/src/services/utils/index.js
  322 │ /home/pmdnawaz1/Documents/ruvient/bbofficial/backend/src/services/utils/NotificationService.js
  323 │ /home/pmdnawaz1/Documents/ruvient/bbofficial/backend/src/services/websocket/WebSocketManager.js
  324 │ /home/pmdnawaz1/Documents/ruvient/bbofficial/backend/src/utils/AppError.js
  325 │ /home/pmdnawaz1/Documents/ruvient/bbofficial/backend/src/utils/certificateUtils.js
  326 │ /home/pmdnawaz1/Documents/ruvient/bbofficial/backend/src/utils/dateHelpers.js
  327 │ /home/pmdnawaz1/Documents/ruvient/bbofficial/backend/src/utils/dbPoolMonitor.js
  328 │ /home/pmdnawaz1/Documents/ruvient/bbofficial/backend/src/utils/dbQuery.js
  329 │ /home/pmdnawaz1/Documents/ruvient/bbofficial/backend/src/utils/eriErrorMapper.js
  330 │ /home/pmdnawaz1/Documents/ruvient/bbofficial/backend/src/utils/errorClasses.js
  331 │ /home/pmdnawaz1/Documents/ruvient/bbofficial/backend/src/utils/FactPresenceResolver.js
  332 │ /home/pmdnawaz1/Documents/ruvient/bbofficial/backend/src/utils/logger.js
  333 │ /home/pmdnawaz1/Documents/ruvient/bbofficial/backend/src/utils/responseFormatter.js
  334 │ /home/pmdnawaz1/Documents/ruvient/bbofficial/backend/src/utils/taxSlabs.js
  335 │ /home/pmdnawaz1/Documents/ruvient/bbofficial/backend/src/utils/tokenGenerator.js
  336 │ /home/pmdnawaz1/Documents/ruvient/bbofficial/backend/src/utils/validationUtils.js
  337 │ /home/pmdnawaz1/Documents/ruvient/bbofficial/backend/src/utils/validators.js
  338 │ /home/pmdnawaz1/Documents/ruvient/bbofficial/backend/src/workers/ERIWorker.js
  339 │ /home/pmdnawaz1/Documents/ruvient/bbofficial/backend/src/workers/SubmissionWorker.js
  340 │ /home/pmdnawaz1/Documents/ruvient/bbofficial/ecosystem.config.js