Processed 1017 files (7.1s) (144 warnings)

__tests__/integration/ContextIntegration.test.js
__tests__/integration/ITRFormSystem.test.js
__tests__/integration/PerformanceOptimizations.test.js
__tests__/validation/validationScript.js
_deprecated/pages_pre_s28/Acknowledgment.js
_deprecated/pages_pre_s28/Admin/AdminActivityLogs.js
_deprecated/pages_pre_s28/Admin/AdminAddUser.js
_deprecated/pages_pre_s28/Admin/AdminAnalytics.js
_deprecated/pages_pre_s28/Admin/AdminAuditLogs.js
_deprecated/pages_pre_s28/Admin/AdminCAFirms.js
_deprecated/pages_pre_s28/Admin/AdminCAPayouts.js
_deprecated/pages_pre_s28/Admin/AdminCAPerformance.js
_deprecated/pages_pre_s28/Admin/AdminCAVerificationQueue.js
_deprecated/pages_pre_s28/Admin/AdminControlPanel.js
_deprecated/pages_pre_s28/Admin/AdminCouponManagement.js
_deprecated/pages_pre_s28/Admin/AdminDashboard.js
_deprecated/pages_pre_s28/Admin/AdminDocuments.jsx
_deprecated/pages_pre_s28/Admin/AdminFilingDetails.jsx
_deprecated/pages_pre_s28/Admin/AdminFilings.js
_deprecated/pages_pre_s28/Admin/AdminKnowledgeBase.js
_deprecated/pages_pre_s28/Admin/AdminLogin.js
_deprecated/pages_pre_s28/Admin/AdminPlatformOverview.js
_deprecated/pages_pre_s28/Admin/AdminPricingPlans.js
_deprecated/pages_pre_s28/Admin/AdminRefundManagement.js
_deprecated/pages_pre_s28/Admin/AdminReports.js
_deprecated/pages_pre_s28/Admin/AdminSecurityLogs.js
_deprecated/pages_pre_s28/Admin/AdminSettings.js
_deprecated/pages_pre_s28/Admin/AdminSystemHealth.js
_deprecated/pages_pre_s28/Admin/AdminTicketQueue.js
_deprecated/pages_pre_s28/Admin/AdminTransactionManagement.js
_deprecated/pages_pre_s28/Admin/AdminUserDetails.js
_deprecated/pages_pre_s28/Admin/AdminUserGroups.js
_deprecated/pages_pre_s28/Admin/AdminUserManagement.js
_deprecated/pages_pre_s28/Admin/AdminUserSegments.js
_deprecated/pages_pre_s28/Admin/AdminUserTemplates.js
_deprecated/pages_pre_s28/Admin/AdminVerificationQueue.js
_deprecated/pages_pre_s28/Admin/CAFirmClientPortfolio.js
_deprecated/pages_pre_s28/Admin/CAFirmStaffManagement.js
_deprecated/pages_pre_s28/Admin/InvoiceManagement.js
_deprecated/pages_pre_s28/Admin/PlatformCAFirms.js
_deprecated/pages_pre_s28/Admin/PlatformCompliance.js
_deprecated/pages_pre_s28/Admin/PlatformSystemHealth.js
_deprecated/pages_pre_s28/Admin/PlatformUserManagement.js
_deprecated/pages_pre_s28/Admin/PricingControl.js
_deprecated/pages_pre_s28/Admin/ServiceTicketManagement.js
_deprecated/pages_pre_s28/Admin/UserManagement.js
_deprecated/pages_pre_s28/Auth/EmailVerification.js
_deprecated/pages_pre_s28/Auth/ForgotPassword.js
_deprecated/pages_pre_s28/Auth/GoogleOAuthError.js
_deprecated/pages_pre_s28/Auth/GoogleOAuthLinkRequired.js
_deprecated/pages_pre_s28/Auth/GoogleOAuthSuccess.js
_deprecated/pages_pre_s28/Auth/LoginPage.js
_deprecated/pages_pre_s28/Auth/MobileOTPSignup.js
_deprecated/pages_pre_s28/Auth/MobileVerification.js
_deprecated/pages_pre_s28/Auth/ResetPassword.js
_deprecated/pages_pre_s28/Auth/SignupPage.js
_deprecated/pages_pre_s28/CA/CAAnalytics.js
_deprecated/pages_pre_s28/CA/CAClientManagement.js
_deprecated/pages_pre_s28/CA/CAFilingReview.js
_deprecated/pages_pre_s28/CA/CAInbox.js
_deprecated/pages_pre_s28/CA/CAProfile.js
_deprecated/pages_pre_s28/CA/Checkout.js
_deprecated/pages_pre_s28/CA/Marketplace.js
_deprecated/pages_pre_s28/CA/RegisterCAFirm.js
_deprecated/pages_pre_s28/CA/RegistrationSuccess.js
_deprecated/pages_pre_s28/CA/SubscriptionPlans.js
_deprecated/pages_pre_s28/CABot/CABotPage.js
_deprecated/pages_pre_s28/Dashboard/CAFirmAdminDashboard.js
_deprecated/pages_pre_s28/Dashboard/CAStaffDashboard.js
_deprecated/pages_pre_s28/Dashboard/UserDashboard.js
_deprecated/pages_pre_s28/Documents/DocumentUpload.js
_deprecated/pages_pre_s28/Documents/DocumentUploadPage.js
_deprecated/pages_pre_s28/Filing/AddCapitalGain.js
_deprecated/pages_pre_s28/Filing/AddHouseProperty.js
_deprecated/pages_pre_s28/Filing/AddPresumptiveIncome.js
_deprecated/pages_pre_s28/Filing/CapitalGainsStory.js
_deprecated/pages_pre_s28/Filing/DeductionsOverview.js
_deprecated/pages_pre_s28/Filing/DividendIncomeDetails.js
_deprecated/pages_pre_s28/Filing/EVerificationSetup.js
_deprecated/pages_pre_s28/Filing/FamilyPensionDetails.js
_deprecated/pages_pre_s28/Filing/FilingOverview.js
_deprecated/pages_pre_s28/Filing/FilingReadiness.js
_deprecated/pages_pre_s28/Filing/FinalSubmission.js
_deprecated/pages_pre_s28/Filing/ForeignIncomeDetails.js
_deprecated/pages_pre_s28/Filing/GoodsCarriageDetails.js
_deprecated/pages_pre_s28/Filing/HousePropertiesDetails.js
_deprecated/pages_pre_s28/Filing/HousePropertyStory.js
_deprecated/pages_pre_s28/Filing/ITR3AssetsLiabilities.js
_deprecated/pages_pre_s28/Filing/ITR3AuditInformation.js
_deprecated/pages_pre_s28/Filing/ITR3BalanceSheet.js
_deprecated/pages_pre_s28/Filing/ITR3BookReconciliation.js
_deprecated/pages_pre_s28/Filing/ITR3BusinessProfile.js
_deprecated/pages_pre_s28/Filing/ITR3DepreciationSchedule.js
_deprecated/pages_pre_s28/Filing/ITR3ProfitLoss.js
_deprecated/pages_pre_s28/Filing/ITRPreview.js
_deprecated/pages_pre_s28/Filing/IncomeStory.js
_deprecated/pages_pre_s28/Filing/InterestIncomeDetails.js
_deprecated/pages_pre_s28/Filing/OtherDeductionsDetails.js
_deprecated/pages_pre_s28/Filing/OtherIncomeDetails.js
_deprecated/pages_pre_s28/Filing/OtherIncomeSourcesDetails.js
_deprecated/pages_pre_s28/Filing/PresumptiveIncomeStory.js
_deprecated/pages_pre_s28/Filing/PropertySaleDetails.js
_deprecated/pages_pre_s28/Filing/RegimeComparison.js
_deprecated/pages_pre_s28/Filing/SalaryDetails.js
_deprecated/pages_pre_s28/Filing/Section80CDetails.js
_deprecated/pages_pre_s28/Filing/Section80DDetails.js
_deprecated/pages_pre_s28/Filing/Section80GDetails.js
_deprecated/pages_pre_s28/Filing/SubmissionStatus.js
_deprecated/pages_pre_s28/Filing/TaxBreakdown.js
_deprecated/pages_pre_s28/Filing/TaxPaymentGate.js
_deprecated/pages_pre_s28/FinancialProfile/FinancialProfilePage.js
_deprecated/pages_pre_s28/Firm/CAReviewQueue.js
_deprecated/pages_pre_s28/Firm/ClientList.js
_deprecated/pages_pre_s28/Firm/ClientOnboardingForm.js
_deprecated/pages_pre_s28/Firm/FirmDashboard.js
_deprecated/pages_pre_s28/Help/ArticleView.js
_deprecated/pages_pre_s28/Help/ContactSupport.js
_deprecated/pages_pre_s28/Help/FAQs.js
_deprecated/pages_pre_s28/Help/FeatureRequest.js
_deprecated/pages_pre_s28/Help/HelpCenter.js
_deprecated/pages_pre_s28/Help/ReportBug.js
_deprecated/pages_pre_s28/Help/TaxGlossary.js
_deprecated/pages_pre_s28/HomeRedirect.js
_deprecated/pages_pre_s28/ITR/AssessmentNotices.js
_deprecated/pages_pre_s28/ITR/EVerification.js
_deprecated/pages_pre_s28/ITR/FilingAnalytics.js
_deprecated/pages_pre_s28/ITR/FilingHistory.js
_deprecated/pages_pre_s28/ITR/ITR3EntryCeremony.js
_deprecated/pages_pre_s28/ITR/ITRDetermination.js
_deprecated/pages_pre_s28/ITR/ITRVTracking.js
_deprecated/pages_pre_s28/ITR/IncomeSourcesSelection.js
_deprecated/pages_pre_s28/ITR/PANVerification.js
_deprecated/pages_pre_s28/ITR/RefundTracking.js
_deprecated/pages_pre_s28/ITR/StartFilingGate.js
_deprecated/pages_pre_s28/ITR/TaxDemands.js
_deprecated/pages_pre_s28/ITR/sectionFlow.js
_deprecated/pages_pre_s28/Invite/AcceptInvite.js
_deprecated/pages_pre_s28/Landing/LandingPage.js
_deprecated/pages_pre_s28/Legal/PrivacyPage.js
_deprecated/pages_pre_s28/Legal/TermsPage.js
_deprecated/pages_pre_s28/Members/AddMembers.js
_deprecated/pages_pre_s28/Members/MemberManagement.js
_deprecated/pages_pre_s28/Notifications/NotificationsCenter.js
_deprecated/pages_pre_s28/Service/BillingInvoicing.js
_deprecated/pages_pre_s28/Service/ClientManagement.js
_deprecated/pages_pre_s28/Service/ServiceTicketManagement.js
_deprecated/pages_pre_s28/Settings/Preferences.js
_deprecated/pages_pre_s28/Tools/ToolsPage.js
_deprecated/pages_pre_s28/Upgrade/UpgradeToProfessional.js
_deprecated/pages_pre_s28/User/Documents.js
_deprecated/pages_pre_s28/User/FamilyManagement.js
_deprecated/pages_pre_s28/User/Members.js
_deprecated/pages_pre_s28/User/Notifications.js
_deprecated/pages_pre_s28/User/ProfileSettings.js
_deprecated/pages_pre_s28/User/Services.js
_deprecated/pages_pre_s28/User/SessionManagement.js
_deprecated/pages_pre_s28/User/UserProfile.js
_deprecated/pages_pre_s28/User/UserSettings.js
components/Admin/AdminNavigation.js
components/Admin/AdminRoute.js
components/CA/CANotes/index.js
components/CA/ClientCommunication/index.js
components/CA/DocumentChecklist/index.js
components/CABot/CABot.tsx
components/Dashboard/ActiveFilingCard.js
components/Dashboard/ChartComponents.js
components/Dashboard/DashboardKPI.jsx
components/Dashboard/DashboardWidgets.js
components/Dashboard/DataIntegrationDashboard.js
components/Dashboard/DetailedStoryModal.js
components/Dashboard/EnhancedDashboard.js
components/Dashboard/FilingLaunchpad.js
components/Dashboard/FilingStatusTracker.js
components/Dashboard/FinancialStoryChart.jsx
components/Dashboard/FinancialStoryHero.js
components/Dashboard/MiniTimeline.js
components/Dashboard/QuickActionCard.js
components/Dashboard/StatsWidget.js
components/Discrepancy/DiscrepancyHandlingPattern.jsx
components/Documents/DocumentUpload.js
components/Filing/StartFilingModal.jsx
components/Finance/FinancePanel.js
components/Forms/PersonalInfoForm.js
components/Forms/ValidatedNumberInput.js
components/Forms/ValidatedSelect.js
components/Forms/index.js
components/ITR/AICopilot.js
components/ITR/AISuggestionChip.js
components/ITR/AddSourcePattern.js
components/ITR/AutoPopulationProgress.js
components/ITR/BelatedReturnIndicator.js
components/ITR/CAReviewRequest.js
components/ITR/ComplianceAlerts.js
components/ITR/ComputationSheet.js
components/ITR/DataProvenance/index.js
components/ITR/DataSourceSelector.js
components/ITR/DeductionsTable.js
components/ITR/DiscrepancyPanel/index.js
components/ITR/EVerificationModal.js
components/ITR/EducationRail.js
components/ITR/FieldVerificationStatus.js
components/ITR/FilingHeader.js
components/ITR/FilingPersonSelector.js
components/ITR/FinalActions.js
components/ITR/FinancialBlueprintOverview.js
components/ITR/FinancialBlueprintSection.js
components/ITR/FinancialYearEvents.js
components/ITR/FinancialYearSummary.js
components/ITR/FinancialYearTimeline.js
components/ITR/ITRComputationContent.js
components/ITR/ITRComputationHeader.js
components/ITR/ITRFormRecommender.js
components/ITR/ITRFormSelector.js
components/ITR/ITRTypeDetector.js
components/ITR/IncomeForm.js
components/ITR/LiveComputation.js
components/ITR/LiveTaxSummary.js
components/ITR/PersonalInfoForm.js
components/ITR/RTRRationale.js
components/ITR/RefundHistoryTable.js
components/ITR/RefundStatusCard.js
components/ITR/ResumeFilingModal.js
components/ITR/ReviewForm.js
components/ITR/ReviewValidation.js
components/ITR/SectionCard.js
components/ITR/SubmitToCAModal.jsx
components/ITR/TabularIncomeDisplay.js
components/ITR/TaxCalculationDisplay.js
components/ITR/TaxComputationBar.js
components/ITR/TaxCreditSection.js
components/ITR/TaxOpportunitiesCard.js
components/ITR/TaxRegimeToggle.js
components/ITR/TaxSummaryPanel.js
components/ITR/ValidationMessages.js
components/ITR/ValidationSummary.js
components/ITR/VerificationBadge/index.js
components/ITR/VisualLimitGauge.js
components/ITR/YearSelector.js
components/ITR/config/ITRConfigRegistry.js
components/ITR/index.js
components/ITR/intelligence/CARequestCard.jsx
components/ITR/intelligence/SmartInsightsPanel.jsx
components/ITR/sections/BankDetailsSection.jsx
components/ITR/sections/BusinessSection.jsx
components/ITR/sections/CapitalGainsSection.jsx
components/ITR/sections/DeductionsSection.jsx
components/ITR/sections/ExemptIncomeSection.jsx
components/ITR/sections/ForeignAssetsSection.jsx
components/ITR/sections/IncomeSection.jsx
components/ITR/sections/PersonalInfoSection.jsx
components/ITR/sections/ReviewSection.jsx
components/ITR/sections/TaxOutcomeSection.jsx
components/Layout/JourneyCompletion.jsx
components/Layout/OnboardingWizard.js
components/Notifications/NotificationBadge.jsx
components/Payment/PaymentModal.js
components/Performance/OptimizedComponent.jsx
components/Staff/PermissionCustomizer.js
components/UI/AISuggestionCard/index.js
components/UI/Alert.js
components/UI/AuditTrail/index.js
components/UI/AutoFillIndicator/index.js
components/UI/BottomSheet/index.js
components/UI/BreakdownList/index.js
components/UI/Checkbox/index.js
components/UI/ComparisonTable/index.js
components/UI/ContextualHelpPanel/index.js
components/UI/CurrencyInput/index.js
components/UI/Dialog/index.js
components/UI/Disclaimer/index.js
components/UI/DocumentVerification/index.js
components/UI/DropdownMenu/index.js
components/UI/EditConfirmationDialog/index.js
components/UI/FieldVerification/index.js
components/UI/FileUpload/index.js
components/UI/FirstTimeTooltip/index.js
components/UI/HelpIcon/index.js
components/UI/InlineValidation/index.js
components/UI/InteractiveCard.js
components/UI/Modal.js
components/UI/ProgressBar.js
components/UI/ProgressIndicator.js
components/UI/SectionVerification/index.js
components/UI/Select/index.js
components/UI/SmartDefaults/index.js
components/UI/SourceChip/index.js
components/UI/TaxTermGlossary/index.js
components/UI/TextInput.js
components/UI/Toast/index.js
components/UI/WelcomeModal.js
components/UI/dialog.js
components/UI/input.js
components/UI/label.js
components/UI/progress.js
components/UI/select.js
components/UI/table.js
components/UI/tabs.js
components/auth/AuthLayout.js
components/common/Button.js
components/common/InlineHint.js
components/index.js
components/molecules/IncomeSourceCard.js
constants/fieldEditability.js
constants/navigation.js
constants/panVerification.js
features/admin/analytics/index.js
features/admin/documents/index.js
features/admin/filings/index.js
features/admin/users/index.js
features/ca-marketplace/index.js
features/computation/index.js
features/deductions/types/deduction.types.ts
features/income/agricultural/index.js
features/income/business/index.js
features/income/capital-gains/index.js
features/income/exempt-income/index.js
features/income/house-property/index.js
features/income/other-sources/index.js
features/income/professional/index.js
features/income/salary/index.js
features/refund/index.js
features/submission/index.js
hocs/withNotifications.js
hooks/index.js
hooks/useChat.js
hooks/useOnboarding.js
hooks/useRealTimeValidation.js
index.js
lib/taxEngine.js
lib/tooltip-helpers.js
mocks/prefillData.js
pages/Admin/AdminAddUser.js
pages/Admin/AdminPlatformOverview.js
pages/Admin/AdminUserGroups.js
pages/Admin/AdminUserTemplates.js
pages/Admin/AdminVerificationQueue.js
pages/Admin/CAFirmClientPortfolio.js
pages/Admin/CAFirmStaffManagement.js
pages/Admin/PlatformCAFirms.js
pages/Admin/PlatformSystemHealth.js
pages/Admin/PlatformUserManagement.js
pages/Admin/PricingControl.js
pages/Admin/ServiceTicketManagement.js
pages/Admin/UserManagement.js
pages/CABot/CABotPage.js
pages/Documents/DocumentUpload.js
pages/Filing/Deductions.js
pages/Filing/HousePropertiesDetails.js
pages/Filing/ITRForm/ITRFormContainer.js
pages/Filing/IncomeSources.js
pages/Filing/ReviewSubmit.js
pages/Filing/SalaryIncomePage.js
pages/Filing/TaxCalculation.js
pages/Filing/components/AgriculturalIncomeForm.jsx
pages/Filing/components/CapitalGainsForm.jsx
pages/Filing/components/DividendIncomeForm.jsx
pages/Filing/components/HousePropertyForm.jsx
pages/Filing/components/InterestIncomeForm.jsx
pages/Filing/components/OtherIncomeForm.jsx
pages/Filing/components/SalaryDetailsForm.jsx
pages/Filing/components/Section80CForm.jsx
pages/FilingDemo.jsx
pages/ITR/sectionFlow.js
pages/Income/BusinessIncomePage.js
pages/Income/IncomePage.js
pages/Income/InvestmentIncomePage.js
pages/Income/RentalIncomePage.js
pages/Income/SalaryIncomePage.js
pages/Invite/AcceptInvite.js
pages/Members/MemberManagement.js
pages/Profile/ProfilePage.js
pages/Service/BillingInvoicing.js
pages/Service/ClientManagement.js
pages/Upgrade/UpgradeToProfessional.js
pages/User/Documents.js
pages/User/FamilyManagement.js
pages/User/Members.js
pages/User/Notifications.js
pages/User/Services.js
pages/User/UserProfile.js
routes/financialStoryRoutes.js
services/AIRecommendationEngine.js
services/BrokerFileProcessor.js
services/api/analyticsService.js
services/api/itrDeterminationService.js
services/api/supportService.js
services/auditService.js
services/eriService.js
services/filingService.js
services/realtimeSync.js
services/surepassService.js
services/taxComputation.js
services/userPreferencesService.js
store/index.js
store/intakeStore.js
styles/themes.js
types/filing.ts
utils/apiRetry.js
utils/colorUtils.js
utils/errorUtils.js
utils/filingErrors.js
utils/itrDataMigration.js
utils/itrTypeDetector.js
utils/submissionGate.js
utils/validation.js
utils/validators.js

