src/App.js:          path="/"
src/App.js:          path="/login"
src/App.js:          path="/signup"
src/App.js:          path="/signup/mobile"
src/App.js:          path="/email-verification"
src/App.js:          path="/mobile-verification"
src/App.js:          path="/forgot-password"
src/App.js:          path="/reset-password"
src/App.js:          path="/auth/google/success"
src/App.js:          path="/auth/google/error"
src/App.js:          path="/auth/google/link-required"
src/App.js:          path="/admin/login"
src/App.js:          path="/terms"
src/App.js:          path="/privacy"
src/App.js:          path="/ca/register"
src/App.js:          path="/ca/registration-success"
src/App.js:          path="/ca/marketplace"
src/App.js:          path="/ca/plans"
src/App.js:          path="/ca/:firmId"
src/App.js:            path="/home"
src/App.js:            path="/dashboard"
src/App.js:          <Route path="/financial-story" ... />
src/App.js:          <Route path="/financial-story/:year" ... />
src/App.js:          <Route path="/financial-comparison" ... />
src/App.js:            path="/onboarding"
src/App.js:            path="/admin/dashboard"
src/App.js:            path="/admin/users"
src/App.js:            path="/admin/users/:userId"
src/App.js:            path="/admin/filings"
src/App.js:            path="/admin/filings/:filingId"
src/App.js:            path="/admin/documents"
src/App.js:            path="/admin/ca-firms"
src/App.js:            path="/admin/tickets"
src/App.js:            path="/admin/pricing"
src/App.js:            path="/admin/analytics"
src/App.js:            path="/admin/reports"
src/App.js:            path="/admin/users/segments"
src/App.js:            path="/admin/cas/verification"
src/App.js:            path="/admin/cas/performance"
src/App.js:            path="/admin/cas/payouts"
src/App.js:            path="/admin/transactions"
src/App.js:            path="/admin/refunds"
src/App.js:            path="/admin/coupons"
src/App.js:            path="/admin/invoices"
src/App.js:            path="/admin/system/health"
src/App.js:            path="/admin/compliance"
src/App.js:            path="/admin/knowledge-base"
src/App.js:            path="/admin/control-panel"
src/App.js:            path="/admin/settings"
src/App.js:            path="/admin/audit/logs"
src/App.js:            path="/admin/audit/admin-activity"
src/App.js:            path="/admin/audit/security"
src/App.js:            path="/gstin-lookup"
src/App.js:            path="/firm/dashboard"
src/App.js:            path="/ca/clients"
src/App.js:            path="/ca/clients/manage"
src/App.js:            path="/ca/analytics"
src/App.js:            path="/ca/checkout"
src/App.js:            path="/ca/inbox"
src/App.js:            path="/ca/filing/:filingId"
src/App.js:                path={route.path}
src/App.js:            path="/itr/refund-tracking"
src/App.js:            path="/itr/itrv-tracking"
src/App.js:            path="/itr/assessment-notices"
src/App.js:            path="/itr/tax-demands"
src/App.js:            path="/itr/analytics"
src/App.js:            path="/itr/e-verify"
src/App.js:            path="/itr/acknowledgment"
src/App.js:            path="/acknowledgment/:filingId"
src/App.js:            path="/dashboard"
src/App.js:            path="/filing/start"
src/App.js:            path="/filing/salary"
src/App.js:            path="/filing/:filingId/deductions"
src/App.js:            path="/filing/:filingId/tax-calculation"
src/App.js:            path="/filing/:filingId/review"
src/App.js:            path="/income"
src/App.js:            path="/tax-planner"
src/App.js:            path="/tax-planner/calculator"
src/App.js:            path="/tax-planner/optimizer"
src/App.js:            path="/tax-planner/comparison"
src/App.js:            path="/tax-planner/calendar"
src/App.js:            path="/insights"
src/App.js:            path="/settings"
src/App.js:            path="/documents"
src/App.js:            path="/documents/upload"
src/App.js:            path="/add-members"
src/App.js:            path="/profile"
src/App.js:            path="/preferences"
src/App.js:            path="/notifications"
src/App.js:            path="/sessions"
src/App.js:            path="/financial-profile"
src/App.js:            path="/tools"
src/App.js:            path="/firm/:firmId/dashboard"
src/App.js:            path="/firm/:firmId/clients"
src/App.js:            path="/firm/:firmId/clients/new"
src/App.js:            path="/firm/:firmId/review-queue"
src/App.js:            path="/ca-bot"
src/App.js:            path="/help"
src/App.js:            path="/help/faqs"
src/App.js:            path="/help/glossary"
src/App.js:            path="/help/contact"
src/App.js:            path="/help/articles/:articleId"
src/App.js:            path="/help/report-bug"
src/App.js:            path="/help/feature-request"
src/App.js:            path="/service/tickets"
src/App.js:        <Route path="*" element={<Navigate to="/" replace />} />
